// Jest Snapshot v1, https://goo.gl/fbAQLP

exports[`App renders 1`] = `
<View
  style={
    Object {
      "flex": 1,
    }
  }
>
  <StatusBar
    backgroundColor="black"
    barStyle="light-content"
  />
  <Navigator />
</View>
`;
