// Jest Snapshot v1, https://goo.gl/fbAQLP

exports[`Details matches snapshot 1`] = `
<Component
  style={
    Object {
      "flex": 1,
    }
  }
>
  <Component
    style={
      Object {
        "flex": 3,
      }
    }
  >
    <Image
      source={
        Object {
          "uri": "backdropUrl",
        }
      }
      style={
        Object {
          "flex": 2,
        }
      }
    />
    <Component
      style={
        Object {
          "backgroundColor": "#212121",
          "flex": 1,
        }
      }
    />
    <Component
      style={
        Array [
          Object {
            "bottom": 20,
            "flex": 1,
            "flexDirection": "row",
            "left": 25,
            "position": "absolute",
            "right": 25,
          },
          Object {
            "height": 183.33333333333334,
          },
        ]
      }
    >
      <Image
        source={
          Object {
            "uri": "posterUrl",
          }
        }
        style={
          Array [
            Object {
              "flex": 1,
              "resizeMode": "cover",
            },
            Object {
              "height": 183.33333333333334,
              "width": 110,
            },
          ]
        }
      />
      <Component
        style={
          Object {
            "alignItems": "flex-end",
            "flex": 2,
            "flexDirection": "row",
            "justifyContent": "flex-start",
          }
        }
      >
        <Component
          style={
            Object {
              "marginLeft": 10,
            }
          }
        >
          <Text
            style={
              Object {
                "color": "white",
                "fontWeight": "bold",
              }
            }
          >
            movie
          </Text>
          <Component
            style={
              Object {
                "flexDirection": "row",
              }
            }
          >
            <Text
              style={
                Object {
                  "color": "white",
                }
              }
            >
              release_date
            </Text>
            <Text
              style={
                Object {
                  "color": "white",
                  "marginLeft": 10,
                }
              }
            >
              English
            </Text>
          </Component>
        </Component>
      </Component>
    </Component>
  </Component>
  <Component
    style={
      Object {
        "flex": 3,
      }
    }
  >
    <Component
      style={
        Object {
          "marginBottom": 35,
          "marginLeft": 25,
          "marginRight": 25,
          "marginTop": 35,
        }
      }
    >
      <Text
        style={
          Object {
            "fontWeight": "bold",
            "marginBottom": 10,
          }
        }
      >
        Overview
      </Text>
      <Text>
        overview
      </Text>
    </Component>
  </Component>
</Component>
`;
